.loop-engineering/iterations/001/diff.patch:7: trailing whitespace.
+ 
.loop-engineering/iterations/001/eval.log:27: trailing whitespace.
++ 
.loop-engineering/iterations/001/gate-diff_check.log:2: trailing whitespace.
++ 
.loop-engineering/iterations/002/diff.patch:7: trailing whitespace.
+ 
.loop-engineering/iterations/002/diff.patch:24: trailing whitespace.
++ 
.loop-engineering/iterations/002/diff.patch:35: trailing whitespace.
+ 
.loop-engineering/iterations/002/diff.patch:45: trailing whitespace.
+ 
.loop-engineering/iterations/002/diff.patch:49: trailing whitespace.
+ 
.loop-engineering/iterations/002/diff.patch:54: trailing whitespace.
+++ 
.loop-engineering/iterations/002/diff.patch:61: trailing whitespace.
+++ 
.loop-engineering/iterations/002/diff.patch:91: trailing whitespace.
+ 
.loop-engineering/iterations/002/eval.log:27: trailing whitespace.
++ 
.loop-engineering/iterations/002/eval.log:29: trailing whitespace.
+++ 
.loop-engineering/iterations/002/eval.log:31: trailing whitespace.
+++ 
.loop-engineering/iterations/002/eval.log:33: trailing whitespace.
++ 
.loop-engineering/iterations/002/eval.log:35: trailing whitespace.
+++ 
.loop-engineering/iterations/002/eval.log:37: trailing whitespace.
++ 
.loop-engineering/iterations/002/eval.log:39: trailing whitespace.
++ 
.loop-engineering/iterations/002/eval.log:41: trailing whitespace.
++ 
.loop-engineering/iterations/002/eval.log:43: trailing whitespace.
++++ 
.loop-engineering/iterations/002/eval.log:45: trailing whitespace.
++++ 
.loop-engineering/iterations/002/eval.log:47: trailing whitespace.
++ 
.loop-engineering/iterations/002/gate-diff_check.log:2: trailing whitespace.
++ 
.loop-engineering/iterations/002/gate-diff_check.log:4: trailing whitespace.
+++ 
.loop-engineering/iterations/002/gate-diff_check.log:6: trailing whitespace.
+++ 
.loop-engineering/iterations/002/gate-diff_check.log:8: trailing whitespace.
++ 
.loop-engineering/iterations/002/gate-diff_check.log:10: trailing whitespace.
+++ 
.loop-engineering/iterations/002/gate-diff_check.log:12: trailing whitespace.
++ 
.loop-engineering/iterations/002/gate-diff_check.log:14: trailing whitespace.
++ 
.loop-engineering/iterations/002/gate-diff_check.log:16: trailing whitespace.
++ 
.loop-engineering/iterations/002/gate-diff_check.log:18: trailing whitespace.
++++ 
.loop-engineering/iterations/002/gate-diff_check.log:20: trailing whitespace.
++++ 
.loop-engineering/iterations/002/gate-diff_check.log:22: trailing whitespace.
++ 
.loop-engineering/iterations/003/diff.patch:7: trailing whitespace.
+ 
.loop-engineering/iterations/003/diff.patch:24: trailing whitespace.
++ 
.loop-engineering/iterations/003/diff.patch:35: trailing whitespace.
+ 
.loop-engineering/iterations/003/diff.patch:45: trailing whitespace.
+ 
.loop-engineering/iterations/003/diff.patch:49: trailing whitespace.
+ 
.loop-engineering/iterations/003/diff.patch:54: trailing whitespace.
+++ 
.loop-engineering/iterations/003/diff.patch:61: trailing whitespace.
+++ 
.loop-engineering/iterations/003/diff.patch:91: trailing whitespace.
+ 
.loop-engineering/iterations/003/diff.patch:110: trailing whitespace.
++ 
.loop-engineering/iterations/003/diff.patch:127: trailing whitespace.
+++ 
.loop-engineering/iterations/003/diff.patch:138: trailing whitespace.
++ 
.loop-engineering/iterations/003/diff.patch:148: trailing whitespace.
++ 
.loop-engineering/iterations/003/diff.patch:152: trailing whitespace.
++ 
.loop-engineering/iterations/003/diff.patch:157: trailing whitespace.
++++ 
.loop-engineering/iterations/003/diff.patch:164: trailing whitespace.
++++ 
.loop-engineering/iterations/003/diff.patch:194: trailing whitespace.
++ 
.loop-engineering/iterations/003/diff.patch:231: trailing whitespace.
+ 
.loop-engineering/iterations/003/diff.patch:241: trailing whitespace.
+ 
.loop-engineering/iterations/003/diff.patch:245: trailing whitespace.
+ 
.loop-engineering/iterations/003/diff.patch:250: trailing whitespace.
+++ 
.loop-engineering/iterations/003/diff.patch:252: trailing whitespace.
++++ 
.loop-engineering/iterations/003/diff.patch:254: trailing whitespace.
++++ 
.loop-engineering/iterations/003/diff.patch:256: trailing whitespace.
+++ 
.loop-engineering/iterations/003/diff.patch:258: trailing whitespace.
++++ 
.loop-engineering/iterations/003/diff.patch:260: trailing whitespace.
+++ 
.loop-engineering/iterations/003/diff.patch:262: trailing whitespace.
+++ 
.loop-engineering/iterations/003/diff.patch:264: trailing whitespace.
+++ 
.loop-engineering/iterations/003/diff.patch:266: trailing whitespace.
+++++ 
.loop-engineering/iterations/003/diff.patch:268: trailing whitespace.
+++++ 
.loop-engineering/iterations/003/diff.patch:270: trailing whitespace.
+++ 
.loop-engineering/iterations/003/diff.patch:277: trailing whitespace.
+++ 
.loop-engineering/iterations/003/diff.patch:279: trailing whitespace.
++++ 
.loop-engineering/iterations/003/diff.patch:281: trailing whitespace.
++++ 
.loop-engineering/iterations/003/diff.patch:283: trailing whitespace.
+++ 
.loop-engineering/iterations/003/diff.patch:285: trailing whitespace.
++++ 
.loop-engineering/iterations/003/diff.patch:287: trailing whitespace.
+++ 
.loop-engineering/iterations/003/diff.patch:289: trailing whitespace.
+++ 
.loop-engineering/iterations/003/diff.patch:291: trailing whitespace.
+++ 
.loop-engineering/iterations/003/diff.patch:293: trailing whitespace.
+++++ 
.loop-engineering/iterations/003/diff.patch:295: trailing whitespace.
+++++ 
.loop-engineering/iterations/003/diff.patch:297: trailing whitespace.
+++ 
.loop-engineering/iterations/003/diff.patch:327: trailing whitespace.
+ 
