.loop-engineering/iterations/001/diff.patch:7: trailing whitespace.
+ 
.loop-engineering/iterations/001/eval.log:27: trailing whitespace.
++ 
.loop-engineering/iterations/001/gate-diff_check.log:2: trailing whitespace.
++ 
.loop-engineering/iterations/002/diff.patch:7: trailing whitespace.
+ 
.loop-engineering/iterations/002/diff.patch:24: trailing whitespace.
++ 
.loop-engineering/iterations/002/diff.patch:35: trailing whitespace.
+ 
.loop-engineering/iterations/002/diff.patch:45: trailing whitespace.
+ 
.loop-engineering/iterations/002/diff.patch:49: trailing whitespace.
+ 
.loop-engineering/iterations/002/diff.patch:54: trailing whitespace.
+++ 
.loop-engineering/iterations/002/diff.patch:61: trailing whitespace.
+++ 
.loop-engineering/iterations/002/diff.patch:91: trailing whitespace.
+ 
